// Jest Snapshot v1, https://goo.gl/fbAQLP

exports[`<Select /> should render and match with snapshot 1`] = `
<select
  aria-label="select-lotteries"
>
  <option
    value="0"
  >
    MEGA-SENA
  </option>
  <option
    value="1"
  >
    QUINA
  </option>
  <option
    value="2"
  >
    LOTOF√ÅCIL
  </option>
  <option
    value="3"
  >
    LOTOMANIA
  </option>
  <option
    value="4"
  >
    TIMEMANIA
  </option>
  <option
    value="5"
  >
    DIA DE SORTE
  </option>
</select>
`
