// Jest Snapshot v1, https://goo.gl/fbAQLP

exports[`<LotterySortedNumber /> should render the heading 1`] = `
.c0 {
  background-color: #FFFFFF;
  width: 7.6rem;
  height: 7.6rem;
  border-radius: 50%;
  display: -webkit-box;
  display: -webkit-flex;
  display: -ms-flexbox;
  display: flex;
  -webkit-box-pack: center;
  -webkit-justify-content: center;
  -ms-flex-pack: center;
  justify-content: center;
  -webkit-align-items: center;
  -webkit-box-align: center;
  -ms-flex-align: center;
  align-items: center;
  margin: 1rem;
  font-family: 'Montserrat',-apple-system,BlinkMacSystemFont,'Segoe UI',Roboto,Oxygen,Ubuntu,Cantarell,'Open Sans','Helvetica Neue',sans-serif;
}

.c1 {
  color: #333333;
  font-size: 2rem;
  font-weight: 700;
}

<main
  class="c0"
>
  <p
    class="c1"
  >
    01
  </p>
</main>
`
