// Jest Snapshot v1, https://goo.gl/fbAQLP

exports[`<Content /> should render the heading 1`] = `
.c2 {
  background-color: #FFFFFF;
  width: 7.6rem;
  height: 7.6rem;
  border-radius: 50%;
  display: -webkit-box;
  display: -webkit-flex;
  display: -ms-flexbox;
  display: flex;
  -webkit-box-pack: center;
  -webkit-justify-content: center;
  -ms-flex-pack: center;
  justify-content: center;
  -webkit-align-items: center;
  -webkit-box-align: center;
  -ms-flex-align: center;
  align-items: center;
  margin: 1rem;
  font-family: 'Montserrat',-apple-system,BlinkMacSystemFont,'Segoe UI',Roboto,Oxygen,Ubuntu,Cantarell,'Open Sans','Helvetica Neue',sans-serif;
}

.c3 {
  color: #333333;
  font-size: 2rem;
  font-weight: 700;
}

.c5 {
  font-size: 1.4rem;
  color: #333333;
  font-weight: 500;
  text-align: center;
  font-family: 'Montserrat',-apple-system,BlinkMacSystemFont,'Segoe UI',Roboto,Oxygen,Ubuntu,Cantarell,'Open Sans','Helvetica Neue',sans-serif;
}

.c0 {
  background-color: #EFEFEF;
  padding-top: 3rem;
  display: -webkit-box;
  display: -webkit-flex;
  display: -ms-flexbox;
  display: flex;
  height: 100%;
  -webkit-box-pack: center;
  -webkit-justify-content: center;
  -ms-flex-pack: center;
  justify-content: center;
  -webkit-align-items: center;
  -webkit-box-align: center;
  -ms-flex-align: center;
  align-items: center;
  -webkit-flex-direction: column;
  -ms-flex-direction: column;
  flex-direction: column;
  -webkit-clip-path: ellipse(180% 100% at bottom);
  clip-path: ellipse(180% 100% at bottom);
  margin-top: -6.3rem;
  padding: 3.8rem;
  font-family: 'Montserrat',-apple-system,BlinkMacSystemFont,'Segoe UI',Roboto,Oxygen,Ubuntu,Cantarell,'Open Sans','Helvetica Neue',sans-serif;
}

.c1 {
  display: -webkit-box;
  display: -webkit-flex;
  display: -ms-flexbox;
  display: flex;
  -webkit-flex-direction: row;
  -ms-flex-direction: row;
  flex-direction: row;
  -webkit-box-pack: center;
  -webkit-justify-content: center;
  -ms-flex-pack: center;
  justify-content: center;
  -webkit-align-items: center;
  -webkit-box-align: center;
  -ms-flex-align: center;
  align-items: center;
  -webkit-flex-wrap: wrap;
  -ms-flex-wrap: wrap;
  flex-wrap: wrap;
  width: 100%;
  height: 100%;
  padding-bottom: 8.4rem;
}

.c4 {
  width: 31.5rem;
}

<main
  class="c0"
>
  <div
    class="c1"
  >
    <main
      class="c2"
    >
      <p
        class="c3"
      >
        17
      </p>
    </main>
    <main
      class="c2"
    >
      <p
        class="c3"
      >
        32
      </p>
    </main>
    <main
      class="c2"
    >
      <p
        class="c3"
      >
        41
      </p>
    </main>
    <main
      class="c2"
    >
      <p
        class="c3"
      >
        58
      </p>
    </main>
    <main
      class="c2"
    >
      <p
        class="c3"
      >
        69
      </p>
    </main>
  </div>
  <div
    class="c4"
  >
    <p
      class="c5"
      color="black"
    >
      Este sorteio é meramente ilustrativo e não possui nenhuma ligação com a CAIXA.
    </p>
  </div>
</main>
`
