// Jest Snapshot v1, https://goo.gl/fbAQLP

exports[`<Header /> should render the heading 1`] = `
.c0 {
  background-color: #6BEFA3;
  height: 100%;
  width: 100%;
  font-family: 'Montserrat',-apple-system,BlinkMacSystemFont,'Segoe UI',Roboto,Oxygen,Ubuntu,Cantarell,'Open Sans','Helvetica Neue',sans-serif;
  z-index: 10;
}

.c1 {
  display: none;
}

.c2 {
  display: none;
}

@media (min-width:768px) {
  .c0 {
    max-width: 61.5rem;
  }
}

@media (max-width:768px) {
  .c1 {
    display: -webkit-box;
    display: -webkit-flex;
    display: -ms-flexbox;
    display: flex;
    -webkit-flex-direction: column;
    -ms-flex-direction: column;
    flex-direction: column;
    -webkit-align-items: center;
    -webkit-box-align: center;
    -ms-flex-align: center;
    align-items: center;
    -webkit-box-pack: justify;
    -webkit-justify-content: space-between;
    -ms-flex-pack: justify;
    justify-content: space-between;
    padding-top: 6.3rem;
    min-height: 45rem;
    padding-bottom: 4.1rem;
  }
}

@media (min-width:768px) {
  .c2 {
    display: -webkit-box;
    display: -webkit-flex;
    display: -ms-flexbox;
    display: flex;
    -webkit-flex-direction: column;
    -ms-flex-direction: column;
    flex-direction: column;
    -webkit-box-pack: justify;
    -webkit-justify-content: space-between;
    -ms-flex-pack: justify;
    justify-content: space-between;
    padding-top: 6.3rem;
    padding-left: 9.4rem;
    min-height: 100%;
    max-width: 61.5rem;
    padding-bottom: 9.3rem;
  }
}

<main
  class="c0"
  color="megasena"
>
  <div
    class="c1"
  >
    <div
      data-testid="Mock Select"
    />
    <div
      data-testid="Mock Logo"
    />
    <p
      data-testid="Mock Text"
    >
      mega-sena
    </p>
  </div>
  <div
    class="c2"
  >
    <div
      data-testid="Mock Select"
    />
    <div
      data-testid="Mock Logo"
    />
    <div
      class=""
    >
      <p
        data-testid="Mock Text"
      >
        mega-sena
      </p>
      <p
        data-testid="Mock Text"
      >
        mega-sena
      </p>
    </div>
  </div>
</main>
`
