// Jest Snapshot v1, https://goo.gl/fbAQLP

exports[`<Text /> should render the heading 1`] = `
.c0 {
  font-size: 1.4rem;
  color: #FFFFFF;
  font-weight: 500;
  text-align: center;
  font-family: 'Montserrat',-apple-system,BlinkMacSystemFont,'Segoe UI',Roboto,Oxygen,Ubuntu,Cantarell,'Open Sans','Helvetica Neue',sans-serif;
}

<p
  class="c0"
  color="white"
>
  Text
</p>
`
