// Jest Snapshot v1, https://goo.gl/fbAQLP

exports[`<Input /> should render the heading 1`] = `
<main
  class=""
>
  <h1>
    Input
  </h1>
</main>
`
